SFO-WPC2Q+srajpali@sfo-wpc2q MINGW64 ~
$ git --version
git version 2.20.1.windows.1

SFO-WPC2Q+srajpali@sfo-wpc2q MINGW64 ~
$ cd ~/Desktop/MyGitTest

SFO-WPC2Q+srajpali@sfo-wpc2q MINGW64 ~/Desktop/MyGitTest
$ touch index.html

SFO-WPC2Q+srajpali@sfo-wpc2q MINGW64 ~/Desktop/MyGitTest
$ touch app.js

SFO-WPC2Q+srajpali@sfo-wpc2q MINGW64 ~/Desktop/MyGitTest
$ git init
Initialized empty Git repository in C:/Users/srajpali/Desktop/MyGitTest/.git/

SFO-WPC2Q+srajpali@sfo-wpc2q MINGW64 ~/Desktop/MyGitTest (master)
$ git config --global user.name 'Savita Rajpali'

SFO-WPC2Q+srajpali@sfo-wpc2q MINGW64 ~/Desktop/MyGitTest (master)
$ git config --global user.email 'srajpali@akamai.com'

SFO-WPC2Q+srajpali@sfo-wpc2q MINGW64 ~/Desktop/MyGitTest (master)
$ git add index.html

SFO-WPC2Q+srajpali@sfo-wpc2q MINGW64 ~/Desktop/MyGitTest (master)
$ git status
On branch master

No commits yet

Changes to be committed:
  (use "git rm --cached <file>..." to unstage)

        new file:   index.html

Untracked files:
  (use "git add <file>..." to include in what will be committed)

        app.js


SFO-WPC2Q+srajpali@sfo-wpc2q MINGW64 ~/Desktop/MyGitTest (master)
$ git rm --cached index.html
rm 'index.html'

SFO-WPC2Q+srajpali@sfo-wpc2q MINGW64 ~/Desktop/MyGitTest (master)
$ git status
On branch master

No commits yet

Untracked files:
  (use "git add <file>..." to include in what will be committed)

        app.js
        index.html

nothing added to commit but untracked files present (use "git add" to track)

SFO-WPC2Q+srajpali@sfo-wpc2q MINGW64 ~/Desktop/MyGitTest (master)
$ git add *.html

SFO-WPC2Q+srajpali@sfo-wpc2q MINGW64 ~/Desktop/MyGitTest (master)
$ git status
On branch master

No commits yet

Changes to be committed:
  (use "git rm --cached <file>..." to unstage)

        new file:   index.html

Untracked files:
  (use "git add <file>..." to include in what will be committed)

        app.js


SFO-WPC2Q+srajpali@sfo-wpc2q MINGW64 ~/Desktop/MyGitTest (master)
$ git rm --cached index.html
rm 'index.html'

SFO-WPC2Q+srajpali@sfo-wpc2q MINGW64 ~/Desktop/MyGitTest (master)
$ git status
On branch master

No commits yet

Untracked files:
  (use "git add <file>..." to include in what will be committed)

        app.js
        index.html

nothing added to commit but untracked files present (use "git add" to track)

SFO-WPC2Q+srajpali@sfo-wpc2q MINGW64 ~/Desktop/MyGitTest (master)
$ git add .

SFO-WPC2Q+srajpali@sfo-wpc2q MINGW64 ~/Desktop/MyGitTest (master)
$ git status
On branch master

No commits yet

Changes to be committed:
  (use "git rm --cached <file>..." to unstage)

        new file:   app.js
        new file:   index.html


SFO-WPC2Q+srajpali@sfo-wpc2q MINGW64 ~/Desktop/MyGitTest (master)
$ git status
On branch master

No commits yet

Changes to be committed:
  (use "git rm --cached <file>..." to unstage)

        new file:   app.js
        new file:   index.html

Changes not staged for commit:
  (use "git add <file>..." to update what will be committed)
  (use "git checkout -- <file>..." to discard changes in working directory)

        modified:   index.html


SFO-WPC2Q+srajpali@sfo-wpc2q MINGW64 ~/Desktop/MyGitTest (master)
$ git add .

SFO-WPC2Q+srajpali@sfo-wpc2q MINGW64 ~/Desktop/MyGitTest (master)
$ git status
On branch master

No commits yet

Changes to be committed:
  (use "git rm --cached <file>..." to unstage)

        new file:   app.js
        new file:   index.html


SFO-WPC2Q+srajpali@sfo-wpc2q MINGW64 ~/Desktop/MyGitTest (master)
$ git commit
[master (root-commit) 541db8a]  Initial commit
 2 files changed, 8 insertions(+)
 create mode 100644 app.js
 create mode 100644 index.html

SFO-WPC2Q+srajpali@sfo-wpc2q MINGW64 ~/Desktop/MyGitTest (master)
$ git status
On branch master
nothing to commit, working tree clean

SFO-WPC2Q+srajpali@sfo-wpc2q MINGW64 ~/Desktop/MyGitTest (master)
$ git status
On branch master
Changes not staged for commit:
  (use "git add <file>..." to update what will be committed)
  (use "git checkout -- <file>..." to discard changes in working directory)

        modified:   app.js

no changes added to commit (use "git add" and/or "git commit -a")

SFO-WPC2Q+srajpali@sfo-wpc2q MINGW64 ~/Desktop/MyGitTest (master)
$
